
5. Printing statistics.

=== axi4_dma_bridge ===

        +----------Local Count, excluding submodules.
        |        +-Local Area, excluding submodules.
        |        | 
    87385        - wires
   130551        - wire bits
      609        - public wires
    43775        - public wire bits
       42        - ports
      720        - port bits
   128830  3.4E+06 cells
      309 3.92E+03   sg13g2_a21o_1
    10223 9.27E+04   sg13g2_a21oi_1
     3799 5.51E+04   sg13g2_a221oi_1
     1481 1.61E+04   sg13g2_a22oi_1
      404 3.67E+03   sg13g2_and2_1
       42  533.434   sg13g2_and3_1
       18  261.274   sg13g2_and4_1
    42045 2.06E+06   sg13g2_dfrbpq_1
     2421 1.32E+04   sg13g2_inv_1
    40768  7.4E+05   sg13g2_mux2_1
     6216 2.37E+05   sg13g2_mux4_1
     4383 3.18E+04   sg13g2_nand2_1
      765  6940.08   sg13g2_nand2b_1
      760  6894.72   sg13g2_nand3_1
       19  241.315   sg13g2_nand3b_1
       54  587.866   sg13g2_nand4_1
     4693 3.41E+04   sg13g2_nor2_1
      367 3.33E+03   sg13g2_nor2b_1
     1227 1.11E+04   sg13g2_nor3_1
       61   664.07   sg13g2_nor4_1
     8164 7.41E+04   sg13g2_o21ai_1
      141 1.28E+03   sg13g2_or2_1
       67  850.954   sg13g2_or3_1
        6   87.091   sg13g2_or4_1
      297 4.31E+03   sg13g2_xnor2_1
      100  1451.52   sg13g2_xor2_1

   Chip area for module '\axi4_dma_bridge': 3399490.949398
     of which used for sequential elements: 2059734.095999 (60.59%)

