OpenSTA 3.1.0 d97587f669 Copyright (c) 2026, Parallax Software, Inc.
License GPLv3: GNU GPL version 3 <http://gnu.org/licenses/gpl.html>

This is free software, and you are free to change and redistribute it
under certain conditions; type `show_copying' for details. 
This program comes with ABSOLUTELY NO WARRANTY; for details type `show_warranty'.
Startpoint: dmem_addr[18] (input port clocked by clk)
Endpoint: _3351_ (rising edge-triggered flip-flop clocked by clk)
Path Group: clk
Path Type: max

    Delay      Time   Description
-------------------------------------------------------------
   0.0000    0.0000   clock clk (rise edge)
   0.0000    0.0000   clock network delay (ideal)
   2.4800    2.4800 v input external delay
   0.0000    2.4800 v dmem_addr[18] (in)
   0.1391    2.6191 ^ _1823_/Y (sg13g2_nor4_1)
   0.1030    2.7220 v _1824_/Y (sg13g2_nand3_1)
   0.1398    2.8619 ^ _1825_/Y (sg13g2_o21ai_1)
   0.2722    3.1340 v _2005_/Y (sg13g2_nand4_1)
   0.1857    3.3198 v _2566_/Y (sg13g2_nand2b_1)
   9.1005   12.4203 ^ _2695_/Y (sg13g2_nor4_1)
   1.0902   13.5105 v _2730_/X (sg13g2_mux2_1)
   0.0000   13.5105 v _3351_/D (sg13g2_dfrbpq_1)
            13.5105   data arrival time

  12.4000   12.4000   clock clk (rise edge)
   0.0000   12.4000   clock network delay (ideal)
   0.0000   12.4000   clock reconvergence pessimism
            12.4000 ^ _3351_/CLK (sg13g2_dfrbpq_1)
  -0.1821   12.2179   library setup time
            12.2179   data required time
-------------------------------------------------------------
            12.2179   data required time
           -13.5105   data arrival time
-------------------------------------------------------------
            -1.2926   slack (VIOLATED)


---SUMMARY---
wns max -1.29
tns max -330.91
worst slack max -1.29
