OpenSTA 3.1.0 d97587f669 Copyright (c) 2026, Parallax Software, Inc.
License GPLv3: GNU GPL version 3 <http://gnu.org/licenses/gpl.html>

This is free software, and you are free to change and redistribute it
under certain conditions; type `show_copying' for details. 
This program comes with ABSOLUTELY NO WARRANTY; for details type `show_warranty'.
Startpoint: dmem_addr[18] (input port clocked by clk)
Endpoint: _3351_ (rising edge-triggered flip-flop clocked by clk)
Path Group: clk
Path Type: max

    Delay      Time   Description
-------------------------------------------------------------
   0.0000    0.0000   clock clk (rise edge)
   0.0000    0.0000   clock network delay (ideal)
   0.9200    0.9200 v input external delay
   0.0000    0.9200 v dmem_addr[18] (in)
   0.1391    1.0591 ^ _1823_/Y (sg13g2_nor4_1)
   0.1030    1.1620 v _1824_/Y (sg13g2_nand3_1)
   0.1398    1.3019 ^ _1825_/Y (sg13g2_o21ai_1)
   0.2722    1.5740 v _2005_/Y (sg13g2_nand4_1)
   0.1857    1.7598 v _2566_/Y (sg13g2_nand2b_1)
   9.1005   10.8603 ^ _2695_/Y (sg13g2_nor4_1)
   1.0902   11.9505 v _2730_/X (sg13g2_mux2_1)
   0.0000   11.9505 v _3351_/D (sg13g2_dfrbpq_1)
            11.9505   data arrival time

   4.6000    4.6000   clock clk (rise edge)
   0.0000    4.6000   clock network delay (ideal)
   0.0000    4.6000   clock reconvergence pessimism
             4.6000 ^ _3351_/CLK (sg13g2_dfrbpq_1)
  -0.1821    4.4179   library setup time
             4.4179   data required time
-------------------------------------------------------------
             4.4179   data required time
           -11.9505   data arrival time
-------------------------------------------------------------
            -7.5326   slack (VIOLATED)


---SUMMARY---
wns max -7.53
tns max -2132.96
worst slack max -7.53
