OpenSTA 3.1.0 d97587f669 Copyright (c) 2026, Parallax Software, Inc.
License GPLv3: GNU GPL version 3 <http://gnu.org/licenses/gpl.html>

This is free software, and you are free to change and redistribute it
under certain conditions; type `show_copying' for details. 
This program comes with ABSOLUTELY NO WARRANTY; for details type `show_warranty'.
Startpoint: dmem_addr[18] (input port clocked by clk)
Endpoint: _3351_ (rising edge-triggered flip-flop clocked by clk)
Path Group: clk
Path Type: max

    Delay      Time   Description
-------------------------------------------------------------
   0.0000    0.0000   clock clk (rise edge)
   0.0000    0.0000   clock network delay (ideal)
   2.6000    2.6000 v input external delay
   0.0000    2.6000 v dmem_addr[18] (in)
   0.1391    2.7391 ^ _1823_/Y (sg13g2_nor4_1)
   0.1030    2.8420 v _1824_/Y (sg13g2_nand3_1)
   0.1398    2.9819 ^ _1825_/Y (sg13g2_o21ai_1)
   0.2722    3.2540 v _2005_/Y (sg13g2_nand4_1)
   0.1857    3.4398 v _2566_/Y (sg13g2_nand2b_1)
   9.1005   12.5403 ^ _2695_/Y (sg13g2_nor4_1)
   1.0902   13.6305 v _2730_/X (sg13g2_mux2_1)
   0.0000   13.6305 v _3351_/D (sg13g2_dfrbpq_1)
            13.6305   data arrival time

  13.0000   13.0000   clock clk (rise edge)
   0.0000   13.0000   clock network delay (ideal)
   0.0000   13.0000   clock reconvergence pessimism
            13.0000 ^ _3351_/CLK (sg13g2_dfrbpq_1)
  -0.1821   12.8179   library setup time
            12.8179   data required time
-------------------------------------------------------------
            12.8179   data required time
           -13.6305   data arrival time
-------------------------------------------------------------
            -0.8126   slack (VIOLATED)


---SUMMARY---
wns max -0.81
tns max -208.03
worst slack max -0.81
