OpenSTA 3.1.0 d97587f669 Copyright (c) 2026, Parallax Software, Inc.
License GPLv3: GNU GPL version 3 <http://gnu.org/licenses/gpl.html>

This is free software, and you are free to change and redistribute it
under certain conditions; type `show_copying' for details. 
This program comes with ABSOLUTELY NO WARRANTY; for details type `show_warranty'.
Startpoint: dmem_addr[18] (input port clocked by clk)
Endpoint: _3351_ (rising edge-triggered flip-flop clocked by clk)
Path Group: clk
Path Type: max

    Delay      Time   Description
-------------------------------------------------------------
   0.0000    0.0000   clock clk (rise edge)
   0.0000    0.0000   clock network delay (ideal)
   2.2800    2.2800 v input external delay
   0.0000    2.2800 v dmem_addr[18] (in)
   0.1391    2.4191 ^ _1823_/Y (sg13g2_nor4_1)
   0.1030    2.5220 v _1824_/Y (sg13g2_nand3_1)
   0.1398    2.6619 ^ _1825_/Y (sg13g2_o21ai_1)
   0.2722    2.9340 v _2005_/Y (sg13g2_nand4_1)
   0.1857    3.1198 v _2566_/Y (sg13g2_nand2b_1)
   9.1005   12.2203 ^ _2695_/Y (sg13g2_nor4_1)
   1.0902   13.3105 v _2730_/X (sg13g2_mux2_1)
   0.0000   13.3105 v _3351_/D (sg13g2_dfrbpq_1)
            13.3105   data arrival time

  11.4000   11.4000   clock clk (rise edge)
   0.0000   11.4000   clock network delay (ideal)
   0.0000   11.4000   clock reconvergence pessimism
            11.4000 ^ _3351_/CLK (sg13g2_dfrbpq_1)
  -0.1821   11.2179   library setup time
            11.2179   data required time
-------------------------------------------------------------
            11.2179   data required time
           -13.3105   data arrival time
-------------------------------------------------------------
            -2.0926   slack (VIOLATED)


---SUMMARY---
wns max -2.09
tns max -535.71
worst slack max -2.09
