
 /----------------------------------------------------------------------------\
 |  yosys -- Yosys Open SYnthesis Suite                                       |
 |  Copyright (C) 2012 - 2026  Claire Xenia Wolf <claire@yosyshq.com>         |
 |  Distributed under an ISC-like license, type "license" to see terms        |
 \----------------------------------------------------------------------------/
 Yosys 0.69+24 (git sha1 d0e71cfb7-dirty, Release, Clang /usr/bin/clang++ 21.1.8)
[TCL: yosys -import] Command name collision: found pre-existing command `cd' -> skip.
[TCL: yosys -import] Command name collision: found pre-existing command `eval' -> skip.
[TCL: yosys -import] Command name collision: found pre-existing command `exec' -> skip.
[TCL: yosys -import] Command name collision: found pre-existing command `read' -> skip.
[TCL: yosys -import] Command name collision: found pre-existing command `trace' -> skip.

1. Executing SLANG frontend.
Top level design units:
    cmd_queue_regs


Build succeeded: 0 errors, 0 warnings

1.1. Executing PROC_CLEAN pass (remove empty switches from decision trees).
Found and cleaned up 1 empty switch in `\cmd_queue_regs.$91'.
Found and cleaned up 1 empty switch in `\cmd_queue_regs.$60'.
Found and cleaned up 1 empty switch in `\cmd_queue_regs.$34'.
Cleaned up 3 empty switches.

1.2. Executing PROC_RMDEAD pass (remove dead branches from decision trees).
Marked 2 switch rules as full_case in process $91 in module cmd_queue_regs.
Marked 5 switch rules as full_case in process $60 in module cmd_queue_regs.
Marked 4 switch rules as full_case in process $34 in module cmd_queue_regs.
Removed a total of 0 dead cases.

1.3. Executing PROC_PRUNE pass (remove redundant assignments in processes).
Removed 16 redundant assignments.
Promoted 0 assignments to connections.

1.4. Executing PROC_INIT pass (extract init attributes).

1.5. Executing PROC_ROM pass (convert switches to ROMs).
Converted 0 switches.
<suppressed ~19 debug messages>

1.6. Executing PROC_MUX pass (convert decision trees to multiplexers).
Creating decoders for process `\cmd_queue_regs.$91'.
     1/2: $dmem_rdata$94
     2/2: $dmem_rdata$95
Creating decoders for process `\cmd_queue_regs.$60'.
     1/22: $done_count$76
     2/22: $irq_pending$75
     3/22: $irq_pending$61
     4/22: $irq_pending$67
     5/22: $irq_en$66
     6/22: $r_m_rows$65
     7/22: $r_c_base$64
     8/22: $r_a_base$63
     9/22: $r_w_base$62
    10/22: $irq_pending$73
    11/22: $irq_en$72
    12/22: $r_m_rows$71
    13/22: $r_c_base$70
    14/22: $r_a_base$69
    15/22: $r_w_base$68
    16/22: $done_count$83
    17/22: $irq_pending$82
    18/22: $irq_en$81
    19/22: $r_m_rows$80
    20/22: $r_c_base$79
    21/22: $r_a_base$78
    22/22: $r_w_base$77
Creating decoders for process `\cmd_queue_regs.$34'.
     1/17: $fifo_cnt$51
     2/17: $fifo_rp$48
     3/17: $m_rows$47
     4/17: $c_base$46
     5/17: $a_base$45
     6/17: $w_base$44
     7/17: $start$43
     8/17: $fifo_wp$39
     9/17: $fifo_cnt$59
    10/17: $fifo_rp$58
    11/17: $fifo_wp$57
    12/17: $m_rows$56
    13/17: $c_base$55
    14/17: $a_base$54
    15/17: $w_base$53
    16/17: $start$52
    17/17: $36

1.7. Executing PROC_CLEAN pass (remove empty switches from decision trees).
Found and cleaned up 3 empty switches in `\cmd_queue_regs.$91'.
Removing empty process `cmd_queue_regs.$91'.
Found and cleaned up 9 empty switches in `\cmd_queue_regs.$60'.
Removing empty process `cmd_queue_regs.$60'.
Found and cleaned up 7 empty switches in `\cmd_queue_regs.$34'.
Removing empty process `cmd_queue_regs.$34'.
Cleaned up 19 empty switches.

1.8. Executing OPT_EXPR pass (perform const folding).
Optimizing module cmd_queue_regs.
<suppressed ~5 debug messages>

2. Executing SYNTH pass.

2.1. Executing HIERARCHY pass (managing design hierarchy).

2.1.1. Analyzing design hierarchy..
Top module:  \cmd_queue_regs

2.1.2. Analyzing design hierarchy..
Top module:  \cmd_queue_regs
Removed 0 unused modules.

2.2. Executing PROC pass (convert processes to netlists).

2.2.1. Executing PROC_CLEAN pass (remove empty switches from decision trees).
Cleaned up 0 empty switches.

2.2.2. Executing PROC_RMDEAD pass (remove dead branches from decision trees).
Removed a total of 0 dead cases.

2.2.3. Executing PROC_PRUNE pass (remove redundant assignments in processes).
Removed 0 redundant assignments.
Promoted 0 assignments to connections.

2.2.4. Executing PROC_INIT pass (extract init attributes).

2.2.5. Executing PROC_ARST pass (detect async resets in processes).

2.2.6. Executing PROC_ROM pass (convert switches to ROMs).
Converted 0 switches.

2.2.7. Executing PROC_MUX pass (convert decision trees to multiplexers).

2.2.8. Executing PROC_DLATCH pass (convert process syncs to latches).

2.2.9. Executing PROC_DFF pass (convert process syncs to FFs).

2.2.10. Executing PROC_MEMWR pass (convert process memory writes to cells).

2.2.11. Executing PROC_CLEAN pass (remove empty switches from decision trees).
Cleaned up 0 empty switches.

2.2.12. Executing OPT_EXPR pass (perform const folding).
Optimizing module cmd_queue_regs.

2.3. Executing OPT_EXPR pass (perform const folding).
Optimizing module cmd_queue_regs.

2.4. Executing CHECK pass (checking for obvious problems).
Checking module cmd_queue_regs...
Found and reported 0 problems.

2.5. Executing OPT_CLEAN pass (remove unused cells and wires).
Finding unused cells or wires in module \cmd_queue_regs..
Removed 0 unused cells and 121 unused wires.
<suppressed ~18 debug messages>

2.6. Executing OPT pass (performing simple optimizations).

2.6.1. Executing OPT_EXPR pass (perform const folding).
Optimizing module cmd_queue_regs.

2.6.2. Executing OPT_MERGE pass (detect identical cells).
Finding identical cells in module `\cmd_queue_regs'.
Computing hashes of 138 cells of `\cmd_queue_regs'.
Finding duplicate cells in `\cmd_queue_regs'.
Computing hashes of 131 cells of `\cmd_queue_regs'.
Finding duplicate cells in `\cmd_queue_regs'.
<suppressed ~21 debug messages>
Removed a total of 7 cells.

2.6.3. Executing OPT_MUXTREE pass (detect dead branches in mux trees).
Running muxtree optimizer on module \cmd_queue_regs..
  Creating internal representation of mux trees.
  Evaluating internal representation of mux trees.
  Analyzing evaluation results.
    dead port 1/2 on $mux $procmux$124.
    dead port 1/2 on $mux $procmux$118.
    dead port 1/2 on $mux $procmux$112.
    dead port 1/2 on $mux $procmux$106.
    dead port 1/2 on $mux $procmux$100.
    dead port 1/2 on $mux $procmux$94.
    dead port 1/2 on $mux $procmux$88.
    dead port 2/2 on $mux $procmux$85.
    dead port 1/2 on $mux $procmux$77.
    dead port 2/2 on $mux $procmux$74.
    dead port 1/2 on $mux $procmux$67.
    dead port 2/2 on $mux $procmux$64.
    dead port 1/2 on $mux $procmux$58.
    dead port 2/2 on $mux $procmux$55.
    dead port 1/2 on $mux $procmux$50.
    dead port 2/2 on $mux $procmux$47.
    dead port 1/2 on $mux $procmux$42.
    dead port 2/2 on $mux $procmux$39.
    dead port 1/2 on $mux $procmux$34.
    dead port 2/2 on $mux $procmux$31.
    dead port 2/2 on $mux $procmux$29.
    dead port 1/2 on $mux $procmux$171.
    dead port 1/2 on $mux $procmux$25.
    dead port 1/2 on $mux $procmux$19.
    dead port 2/2 on $mux $procmux$10.
    dead port 1/2 on $mux $procmux$165.
    dead port 1/2 on $mux $procmux$159.
    dead port 1/2 on $mux $procmux$200.
    dead port 1/2 on $mux $procmux$195.
    dead port 1/2 on $mux $procmux$189.
    dead port 1/2 on $mux $procmux$183.
    dead port 1/2 on $mux $procmux$177.
Removed 32 multiplexer ports.
<suppressed ~93 debug messages>

2.6.4. Executing OPT_REDUCE pass (consolidate $*mux and $reduce_* inputs).
  Optimizing cells in module \cmd_queue_regs.
    Consolidated identical input bits for $mux cell $37:
      Old ports: A=128'00000000000000000000000000000000000000000000000000000000000000000000000000000000000000000000000000000000000000000000000000000000, B=128'11111111111111111111111111111111111111111111111111111111111111111111111111111111111111111111111111111111111111111111111111111111, Y=$37y
      New ports: A=1'0, B=1'1, Y=$37y [0]
      New connections: $37y [127:1] = { $37y [0] $37y [0] $37y [0] $37y [0] $37y [0] $37y [0] $37y [0] $37y [0] $37y [0] $37y [0] $37y [0] $37y [0] $37y [0] $37y [0] $37y [0] $37y [0] $37y [0] $37y [0] $37y [0] $37y [0] $37y [0] $37y [0] $37y [0] $37y [0] $37y [0] $37y [0] $37y [0] $37y [0] $37y [0] $37y [0] $37y [0] $37y [0] $37y [0] $37y [0] $37y [0] $37y [0] $37y [0] $37y [0] $37y [0] $37y [0] $37y [0] $37y [0] $37y [0] $37y [0] $37y [0] $37y [0] $37y [0] $37y [0] $37y [0] $37y [0] $37y [0] $37y [0] $37y [0] $37y [0] $37y [0] $37y [0] $37y [0] $37y [0] $37y [0] $37y [0] $37y [0] $37y [0] $37y [0] $37y [0] $37y [0] $37y [0] $37y [0] $37y [0] $37y [0] $37y [0] $37y [0] $37y [0] $37y [0] $37y [0] $37y [0] $37y [0] $37y [0] $37y [0] $37y [0] $37y [0] $37y [0] $37y [0] $37y [0] $37y [0] $37y [0] $37y [0] $37y [0] $37y [0] $37y [0] $37y [0] $37y [0] $37y [0] $37y [0] $37y [0] $37y [0] $37y [0] $37y [0] $37y [0] $37y [0] $37y [0] $37y [0] $37y [0] $37y [0] $37y [0] $37y [0] $37y [0] $37y [0] $37y [0] $37y [0] $37y [0] $37y [0] $37y [0] $37y [0] $37y [0] $37y [0] $37y [0] $37y [0] $37y [0] $37y [0] $37y [0] $37y [0] $37y [0] $37y [0] $37y [0] $37y [0] $37y [0] $37y [0] }
  Optimizing cells in module \cmd_queue_regs.
Performed a total of 1 changes.

2.6.5. Executing OPT_MERGE pass (detect identical cells).
Finding identical cells in module `\cmd_queue_regs'.
Computing hashes of 99 cells of `\cmd_queue_regs'.
Finding duplicate cells in `\cmd_queue_regs'.
Removed a total of 0 cells.

2.6.6. Executing OPT_DFF pass (perform DFF optimizations).

2.6.7. Executing OPT_CLEAN pass (remove unused cells and wires).
Finding unused cells or wires in module \cmd_queue_regs..
Removed 0 unused cells and 39 unused wires.
<suppressed ~1 debug messages>

2.6.8. Executing OPT_EXPR pass (perform const folding).
Optimizing module cmd_queue_regs.

2.6.9. Rerunning OPT passes. (Maybe there is more to do..)

2.6.10. Executing OPT_MUXTREE pass (detect dead branches in mux trees).
Running muxtree optimizer on module \cmd_queue_regs..
  Creating internal representation of mux trees.
  Evaluating internal representation of mux trees.
  Analyzing evaluation results.
Removed 0 multiplexer ports.
<suppressed ~61 debug messages>

2.6.11. Executing OPT_REDUCE pass (consolidate $*mux and $reduce_* inputs).
  Optimizing cells in module \cmd_queue_regs.
Performed a total of 0 changes.

2.6.12. Executing OPT_MERGE pass (detect identical cells).
Finding identical cells in module `\cmd_queue_regs'.
Computing hashes of 99 cells of `\cmd_queue_regs'.
Finding duplicate cells in `\cmd_queue_regs'.
Removed a total of 0 cells.

2.6.13. Executing OPT_DFF pass (perform DFF optimizations).

2.6.14. Executing OPT_CLEAN pass (remove unused cells and wires).
Finding unused cells or wires in module \cmd_queue_regs..

2.6.15. Executing OPT_EXPR pass (perform const folding).
Optimizing module cmd_queue_regs.

2.6.16. Finished fast OPT passes. (There is nothing left to do.)

2.7. Executing FSM pass (extract and optimize FSM).

2.7.1. Executing FSM_DETECT pass (finding FSMs in design).

2.7.2. Executing FSM_EXTRACT pass (extracting FSM from design).

2.7.3. Executing FSM_OPT pass (simple optimizations of FSMs).

2.7.4. Executing OPT_CLEAN pass (remove unused cells and wires).
Finding unused cells or wires in module \cmd_queue_regs..

2.7.5. Executing FSM_OPT pass (simple optimizations of FSMs).

2.7.6. Executing FSM_RECODE pass (re-assigning FSM state encoding).

2.7.7. Executing FSM_INFO pass (dumping all available information on FSM cells).

2.7.8. Executing FSM_MAP pass (mapping FSMs to basic logic).

2.8. Executing OPT pass (performing simple optimizations).

2.8.1. Executing OPT_EXPR pass (perform const folding).
Optimizing module cmd_queue_regs.

2.8.2. Executing OPT_MERGE pass (detect identical cells).
Finding identical cells in module `\cmd_queue_regs'.
Computing hashes of 99 cells of `\cmd_queue_regs'.
Finding duplicate cells in `\cmd_queue_regs'.
Removed a total of 0 cells.

2.8.3. Executing OPT_MUXTREE pass (detect dead branches in mux trees).
Running muxtree optimizer on module \cmd_queue_regs..
  Creating internal representation of mux trees.
  Evaluating internal representation of mux trees.
  Analyzing evaluation results.
Removed 0 multiplexer ports.
<suppressed ~61 debug messages>

2.8.4. Executing OPT_REDUCE pass (consolidate $*mux and $reduce_* inputs).
  Optimizing cells in module \cmd_queue_regs.
Performed a total of 0 changes.

2.8.5. Executing OPT_MERGE pass (detect identical cells).
Finding identical cells in module `\cmd_queue_regs'.
Computing hashes of 99 cells of `\cmd_queue_regs'.
Finding duplicate cells in `\cmd_queue_regs'.
Removed a total of 0 cells.

2.8.6. Executing OPT_DFF pass (perform DFF optimizations).
Adding SRST signal on $driver$start ($dff) from module cmd_queue_regs (D = $procmux$192_Y, Q = \start, rval = 1'0).
Adding SRST signal on $driver$w_base ($dff) from module cmd_queue_regs (D = $procmux$186_Y, Q = \w_base, rval = 0).
Adding EN signal on $auto$ff.cc:337:slice$240 ($sdff) from module cmd_queue_regs (D = $41 [127:96], Q = \w_base).
Adding SRST signal on $driver$a_base ($dff) from module cmd_queue_regs (D = $a_base$45, Q = \a_base, rval = 0).
Adding EN signal on $auto$ff.cc:337:slice$242 ($sdff) from module cmd_queue_regs (D = $41 [95:64], Q = \a_base).
Adding SRST signal on $driver$c_base ($dff) from module cmd_queue_regs (D = $c_base$46, Q = \c_base, rval = 0).
Adding EN signal on $auto$ff.cc:337:slice$244 ($sdff) from module cmd_queue_regs (D = $41 [63:32], Q = \c_base).
Adding SRST signal on $driver$m_rows ($dff) from module cmd_queue_regs (D = $m_rows$47, Q = \m_rows, rval = 0).
Adding EN signal on $auto$ff.cc:337:slice$246 ($sdff) from module cmd_queue_regs (D = $41 [31:0], Q = \m_rows).
Adding SRST signal on $driver$fifo_wp ($dff) from module cmd_queue_regs (D = $fifo_wp$39, Q = \fifo_wp, rval = 2'00).
Adding EN signal on $auto$ff.cc:337:slice$248 ($sdff) from module cmd_queue_regs (D = $38y, Q = \fifo_wp).
Adding SRST signal on $driver$fifo_rp ($dff) from module cmd_queue_regs (D = $fifo_rp$48, Q = \fifo_rp, rval = 2'00).
Adding EN signal on $auto$ff.cc:337:slice$250 ($sdff) from module cmd_queue_regs (D = $42y, Q = \fifo_rp).
Adding SRST signal on $driver$fifo_cnt ($dff) from module cmd_queue_regs (D = $fifo_cnt$51, Q = \fifo_cnt, rval = 3'000).
Adding EN signal on $auto$ff.cc:337:slice$252 ($sdff) from module cmd_queue_regs (D = $fifo_cnt$51, Q = \fifo_cnt).
Adding SRST signal on $driver$r_w_base ($dff) from module cmd_queue_regs (D = $procmux$121_Y, Q = \r_w_base, rval = 0).
Adding EN signal on $auto$ff.cc:337:slice$256 ($sdff) from module cmd_queue_regs (D = \dmem_wdata [31:0], Q = \r_w_base).
Adding SRST signal on $driver$r_a_base ($dff) from module cmd_queue_regs (D = $procmux$115_Y, Q = \r_a_base, rval = 0).
Adding EN signal on $auto$ff.cc:337:slice$260 ($sdff) from module cmd_queue_regs (D = \dmem_wdata [31:0], Q = \r_a_base).
Adding SRST signal on $driver$r_c_base ($dff) from module cmd_queue_regs (D = $procmux$109_Y, Q = \r_c_base, rval = 0).
Adding EN signal on $auto$ff.cc:337:slice$264 ($sdff) from module cmd_queue_regs (D = \dmem_wdata [31:0], Q = \r_c_base).
Adding SRST signal on $driver$r_m_rows ($dff) from module cmd_queue_regs (D = $procmux$103_Y, Q = \r_m_rows, rval = 0).
Adding EN signal on $auto$ff.cc:337:slice$268 ($sdff) from module cmd_queue_regs (D = \dmem_wdata [31:0], Q = \r_m_rows).
Adding SRST signal on $driver$irq_en ($dff) from module cmd_queue_regs (D = $irq_en$72, Q = \irq_en, rval = 1'0).
Adding EN signal on $auto$ff.cc:337:slice$272 ($sdff) from module cmd_queue_regs (D = \dmem_wdata [0], Q = \irq_en).
Adding SRST signal on $driver$irq_pending ($dff) from module cmd_queue_regs (D = $irq_pending$75, Q = \irq_pending, rval = 1'0).
Adding EN signal on $auto$ff.cc:337:slice$276 ($sdff) from module cmd_queue_regs (D = $irq_pending$75, Q = \irq_pending).
Adding SRST signal on $driver$done_count ($dff) from module cmd_queue_regs (D = $done_count$76, Q = \done_count, rval = 16'0000000000000000).
Adding EN signal on $auto$ff.cc:337:slice$286 ($sdff) from module cmd_queue_regs (D = $74y, Q = \done_count).

2.8.7. Executing OPT_CLEAN pass (remove unused cells and wires).
Finding unused cells or wires in module \cmd_queue_regs..
Removed 32 unused cells and 32 unused wires.
<suppressed ~33 debug messages>

2.8.8. Executing OPT_EXPR pass (perform const folding).
Optimizing module cmd_queue_regs.
<suppressed ~4 debug messages>

2.8.9. Rerunning OPT passes. (Maybe there is more to do..)

2.8.10. Executing OPT_MUXTREE pass (detect dead branches in mux trees).
Running muxtree optimizer on module \cmd_queue_regs..
  Creating internal representation of mux trees.
  Evaluating internal representation of mux trees.
  Analyzing evaluation results.
Removed 0 multiplexer ports.
<suppressed ~17 debug messages>

2.8.11. Executing OPT_REDUCE pass (consolidate $*mux and $reduce_* inputs).
  Optimizing cells in module \cmd_queue_regs.
Performed a total of 0 changes.

2.8.12. Executing OPT_MERGE pass (detect identical cells).
Finding identical cells in module `\cmd_queue_regs'.
Computing hashes of 77 cells of `\cmd_queue_regs'.
Finding duplicate cells in `\cmd_queue_regs'.
Removed a total of 0 cells.

2.8.13. Executing OPT_DFF pass (perform DFF optimizations).

2.8.14. Executing OPT_CLEAN pass (remove unused cells and wires).
Finding unused cells or wires in module \cmd_queue_regs..

2.8.15. Executing OPT_EXPR pass (perform const folding).
Optimizing module cmd_queue_regs.

2.8.16. Finished fast OPT passes. (There is nothing left to do.)

2.9. Executing WREDUCE pass (reducing word size of cells).
Removed top 1 bits (of 3) from port B of cell cmd_queue_regs.$0 ($eq).
Removed top 1 bits (of 3) from port B of cell cmd_queue_regs.$2 ($eq).
Removed top 35 bits (of 64) from port B of cell cmd_queue_regs.$6 ($ge).
Removed top 35 bits (of 64) from port B of cell cmd_queue_regs.$7 ($lt).
Removed top 1 bits (of 2) from port B of cell cmd_queue_regs.$38 ($add).
Removed top 1 bits (of 2) from port B of cell cmd_queue_regs.$42 ($add).
Removed top 2 bits (of 3) from port B of cell cmd_queue_regs.$49 ($add).
Removed top 2 bits (of 3) from port B of cell cmd_queue_regs.$50 ($sub).
Removed top 15 bits (of 16) from port B of cell cmd_queue_regs.$74 ($add).
Removed top 32 bits (of 64) from mux cell cmd_queue_regs.$procmux$2 ($pmux).
Removed top 32 bits (of 64) from mux cell cmd_queue_regs.$procmux$13 ($mux).
Removed top 1 bits (of 6) from port B of cell cmd_queue_regs.$procmux$54_CMP0 ($eq).
Removed top 1 bits (of 6) from port B of cell cmd_queue_regs.$procmux$63_CMP0 ($eq).
Removed top 2 bits (of 6) from port B of cell cmd_queue_regs.$procmux$73_CMP0 ($eq).
Removed top 1 bits (of 2) from port B of cell cmd_queue_regs.$procmux$156_CMP0 ($eq).
Removed top 32 bits (of 64) from wire cmd_queue_regs.$dmem_rdata$94.

2.10. Executing PEEPOPT pass (run peephole optimizers).

2.11. Executing OPT_CLEAN pass (remove unused cells and wires).
Finding unused cells or wires in module \cmd_queue_regs..
Removed 0 unused cells and 1 unused wires.
<suppressed ~1 debug messages>

2.12. Executing ALUMACC pass (create $alu and $macc cells).
Extracting $alu and $macc cells in module cmd_queue_regs:
  creating $macc model for $74 ($add).
  creating $macc model for $50 ($sub).
  creating $macc model for $49 ($add).
  creating $macc model for $42 ($add).
  creating $macc model for $38 ($add).
  creating $alu model for $macc $38.
  creating $alu model for $macc $42.
  creating $alu model for $macc $49.
  creating $alu model for $macc $50.
  creating $alu model for $macc $74.
  creating $alu model for $7 ($lt): new $alu
  creating $alu model for $6 ($ge): new $alu
  creating $alu cell for $6: $auto$alumacc.cc:548:replace_alu$291
  creating $alu cell for $7: $auto$alumacc.cc:548:replace_alu$304
  creating $alu cell for $74: $auto$alumacc.cc:548:replace_alu$309
  creating $alu cell for $50: $auto$alumacc.cc:548:replace_alu$312
  creating $alu cell for $49: $auto$alumacc.cc:548:replace_alu$315
  creating $alu cell for $42: $auto$alumacc.cc:548:replace_alu$318
  creating $alu cell for $38: $auto$alumacc.cc:548:replace_alu$321
  created 7 $alu and 0 $macc cells.

2.13. Executing SHARE pass (SAT-based resource sharing).

2.14. Executing OPT pass (performing simple optimizations).

2.14.1. Executing OPT_EXPR pass (perform const folding).
Optimizing module cmd_queue_regs.

2.14.2. Executing OPT_MERGE pass (detect identical cells).
Finding identical cells in module `\cmd_queue_regs'.
Computing hashes of 83 cells of `\cmd_queue_regs'.
Finding duplicate cells in `\cmd_queue_regs'.
Removed a total of 0 cells.

2.14.3. Executing OPT_MUXTREE pass (detect dead branches in mux trees).
Running muxtree optimizer on module \cmd_queue_regs..
  Creating internal representation of mux trees.
  Evaluating internal representation of mux trees.
  Analyzing evaluation results.
Removed 0 multiplexer ports.
<suppressed ~17 debug messages>

2.14.4. Executing OPT_REDUCE pass (consolidate $*mux and $reduce_* inputs).
  Optimizing cells in module \cmd_queue_regs.
Performed a total of 0 changes.

2.14.5. Executing OPT_MERGE pass (detect identical cells).
Finding identical cells in module `\cmd_queue_regs'.
Computing hashes of 83 cells of `\cmd_queue_regs'.
Finding duplicate cells in `\cmd_queue_regs'.
Removed a total of 0 cells.

2.14.6. Executing OPT_DFF pass (perform DFF optimizations).

2.14.7. Executing OPT_CLEAN pass (remove unused cells and wires).
Finding unused cells or wires in module \cmd_queue_regs..
Removed 0 unused cells and 2 unused wires.
<suppressed ~1 debug messages>

2.14.8. Executing OPT_EXPR pass (perform const folding).
Optimizing module cmd_queue_regs.

2.14.9. Rerunning OPT passes. (Maybe there is more to do..)

2.14.10. Executing OPT_MUXTREE pass (detect dead branches in mux trees).
Running muxtree optimizer on module \cmd_queue_regs..
  Creating internal representation of mux trees.
  Evaluating internal representation of mux trees.
  Analyzing evaluation results.
Removed 0 multiplexer ports.
<suppressed ~17 debug messages>

2.14.11. Executing OPT_REDUCE pass (consolidate $*mux and $reduce_* inputs).
  Optimizing cells in module \cmd_queue_regs.
Performed a total of 0 changes.

2.14.12. Executing OPT_MERGE pass (detect identical cells).
Finding identical cells in module `\cmd_queue_regs'.
Computing hashes of 83 cells of `\cmd_queue_regs'.
Finding duplicate cells in `\cmd_queue_regs'.
Removed a total of 0 cells.

2.14.13. Executing OPT_DFF pass (perform DFF optimizations).

2.14.14. Executing OPT_CLEAN pass (remove unused cells and wires).
Finding unused cells or wires in module \cmd_queue_regs..

2.14.15. Executing OPT_EXPR pass (perform const folding).
Optimizing module cmd_queue_regs.

2.14.16. Finished fast OPT passes. (There is nothing left to do.)

2.15. Executing MEMORY pass.

2.15.1. Executing OPT_MEM pass (optimize memories).
Performed a total of 0 transformations.

2.15.2. Executing OPT_MEM_PRIORITY pass (removing unnecessary memory write priority relations).
Performed a total of 0 transformations.

2.15.3. Executing OPT_MEM_FEEDBACK pass (finding memory read-to-write feedback paths).
  Analyzing cmd_queue_regs.fifo_mem write port 0.

2.15.4. Executing MEMORY_BMUX2ROM pass (converting muxes to ROMs).

2.15.5. Executing MEMORY_DFF pass (merging $dff cells to $memrd).
Checking read port `\fifo_mem'[0] in module `\cmd_queue_regs': merging output FF to cell.
    Write port 0: non-transparent.

2.15.6. Executing OPT_CLEAN pass (remove unused cells and wires).
Finding unused cells or wires in module \cmd_queue_regs..
Removed 4 unused cells and 129 unused wires.
<suppressed ~5 debug messages>

2.15.7. Executing MEMORY_SHARE pass (consolidating $memrd/$memwr cells).

2.15.8. Executing OPT_MEM_WIDEN pass (optimize memories where all ports are wide).
Performed a total of 0 transformations.

2.15.9. Executing OPT_CLEAN pass (remove unused cells and wires).
Finding unused cells or wires in module \cmd_queue_regs..

2.15.10. Executing MEMORY_COLLECT pass (generating $mem cells).

2.16. Executing OPT_CLEAN pass (remove unused cells and wires).
Finding unused cells or wires in module \cmd_queue_regs..

2.17. Executing OPT pass (performing simple optimizations).

2.17.1. Executing OPT_EXPR pass (perform const folding).
Optimizing module cmd_queue_regs.
<suppressed ~11 debug messages>

2.17.2. Executing OPT_MERGE pass (detect identical cells).
Finding identical cells in module `\cmd_queue_regs'.
Computing hashes of 105 cells of `\cmd_queue_regs'.
Finding duplicate cells in `\cmd_queue_regs'.
Computing hashes of 99 cells of `\cmd_queue_regs'.
Finding duplicate cells in `\cmd_queue_regs'.
<suppressed ~18 debug messages>
Removed a total of 6 cells.

2.17.3. Executing OPT_DFF pass (perform DFF optimizations).

2.17.4. Executing OPT_CLEAN pass (remove unused cells and wires).
Finding unused cells or wires in module \cmd_queue_regs..
Removed 0 unused cells and 41 unused wires.
<suppressed ~1 debug messages>

2.17.5. Finished fast OPT passes.

2.18. Executing MEMORY_MAP pass (converting memories to logic and flip-flops).
Mapping memory \fifo_mem in module \cmd_queue_regs:
  created 4 $dff cells and 0 static cells of width 128.
Extracted data FF from read port 0 of cmd_queue_regs.fifo_mem: $\fifo_mem$rdreg[0]
  read interface: 1 $dff and 3 $mux cells.
  write interface: 4 write mux blocks.

2.19. Executing OPT pass (performing simple optimizations).

2.19.1. Executing OPT_EXPR pass (perform const folding).
Optimizing module cmd_queue_regs.
<suppressed ~4 debug messages>

2.19.2. Executing OPT_MERGE pass (detect identical cells).
Finding identical cells in module `\cmd_queue_regs'.
Computing hashes of 120 cells of `\cmd_queue_regs'.
Finding duplicate cells in `\cmd_queue_regs'.
Removed a total of 0 cells.

2.19.3. Executing OPT_MUXTREE pass (detect dead branches in mux trees).
Running muxtree optimizer on module \cmd_queue_regs..
  Creating internal representation of mux trees.
  Evaluating internal representation of mux trees.
  Analyzing evaluation results.
Removed 0 multiplexer ports.
<suppressed ~19 debug messages>

2.19.4. Executing OPT_REDUCE pass (consolidate $*mux and $reduce_* inputs).
  Optimizing cells in module \cmd_queue_regs.
Performed a total of 0 changes.

2.19.5. Executing OPT_MERGE pass (detect identical cells).
Finding identical cells in module `\cmd_queue_regs'.
Computing hashes of 120 cells of `\cmd_queue_regs'.
Finding duplicate cells in `\cmd_queue_regs'.
Removed a total of 0 cells.

2.19.6. Executing OPT_SHARE pass.
    Found cells that share an operand and can be merged by moving the $mux $procmux$155 in front of them:
        $auto$alumacc.cc:548:replace_alu$312
        $auto$alumacc.cc:548:replace_alu$315

2.19.7. Executing OPT_DFF pass (perform DFF optimizations).

2.19.8. Executing OPT_CLEAN pass (remove unused cells and wires).
Finding unused cells or wires in module \cmd_queue_regs..
Removed 0 unused cells and 16 unused wires.
<suppressed ~1 debug messages>

2.19.9. Executing OPT_EXPR pass (perform const folding).
Optimizing module cmd_queue_regs.
<suppressed ~2 debug messages>

2.19.10. Rerunning OPT passes. (Maybe there is more to do..)

2.19.11. Executing OPT_MUXTREE pass (detect dead branches in mux trees).
Running muxtree optimizer on module \cmd_queue_regs..
  Creating internal representation of mux trees.
  Evaluating internal representation of mux trees.
  Analyzing evaluation results.
Removed 0 multiplexer ports.
<suppressed ~19 debug messages>

2.19.12. Executing OPT_REDUCE pass (consolidate $*mux and $reduce_* inputs).
  Optimizing cells in module \cmd_queue_regs.
    Consolidated identical input bits for $mux cell $auto$opt_share.cc:244:merge_operators$573:
      Old ports: A=3'111, B=3'001, Y=$auto$rtlil.cc:3369:Mux$574
      New ports: A=1'1, B=1'0, Y=$auto$rtlil.cc:3369:Mux$574 [1]
      New connections: { $auto$rtlil.cc:3369:Mux$574 [2] $auto$rtlil.cc:3369:Mux$574 [0] } = { $auto$rtlil.cc:3369:Mux$574 [1] 1'1 }
  Optimizing cells in module \cmd_queue_regs.
Performed a total of 1 changes.

2.19.13. Executing OPT_MERGE pass (detect identical cells).
Finding identical cells in module `\cmd_queue_regs'.
Computing hashes of 119 cells of `\cmd_queue_regs'.
Finding duplicate cells in `\cmd_queue_regs'.
Removed a total of 0 cells.

2.19.14. Executing OPT_SHARE pass.

2.19.15. Executing OPT_DFF pass (perform DFF optimizations).
Adding EN signal on $memory\fifo_mem[0]$521 ($dff) from module cmd_queue_regs (D = { \r_w_base \r_a_base \r_c_base \r_m_rows }, Q = \fifo_mem[0]).
Adding EN signal on $memory\fifo_mem[1]$523 ($dff) from module cmd_queue_regs (D = { \r_w_base \r_a_base \r_c_base \r_m_rows }, Q = \fifo_mem[1]).
Adding EN signal on $memory\fifo_mem[2]$525 ($dff) from module cmd_queue_regs (D = { \r_w_base \r_a_base \r_c_base \r_m_rows }, Q = \fifo_mem[2]).
Adding EN signal on $memory\fifo_mem[3]$527 ($dff) from module cmd_queue_regs (D = { \r_w_base \r_a_base \r_c_base \r_m_rows }, Q = \fifo_mem[3]).

2.19.16. Executing OPT_CLEAN pass (remove unused cells and wires).
Finding unused cells or wires in module \cmd_queue_regs..
Removed 4 unused cells and 6 unused wires.
<suppressed ~5 debug messages>

2.19.17. Executing OPT_EXPR pass (perform const folding).
Optimizing module cmd_queue_regs.
<suppressed ~1 debug messages>

2.19.18. Rerunning OPT passes. (Maybe there is more to do..)

2.19.19. Executing OPT_MUXTREE pass (detect dead branches in mux trees).
Running muxtree optimizer on module \cmd_queue_regs..
  Creating internal representation of mux trees.
  Evaluating internal representation of mux trees.
  Analyzing evaluation results.
Removed 0 multiplexer ports.
<suppressed ~9 debug messages>

2.19.20. Executing OPT_REDUCE pass (consolidate $*mux and $reduce_* inputs).
  Optimizing cells in module \cmd_queue_regs.
Performed a total of 0 changes.

2.19.21. Executing OPT_MERGE pass (detect identical cells).
Finding identical cells in module `\cmd_queue_regs'.
Computing hashes of 115 cells of `\cmd_queue_regs'.
Finding duplicate cells in `\cmd_queue_regs'.
Removed a total of 0 cells.

2.19.22. Executing OPT_SHARE pass.

2.19.23. Executing OPT_DFF pass (perform DFF optimizations).

2.19.24. Executing OPT_CLEAN pass (remove unused cells and wires).
Finding unused cells or wires in module \cmd_queue_regs..

2.19.25. Executing OPT_EXPR pass (perform const folding).
Optimizing module cmd_queue_regs.

2.19.26. Finished fast OPT passes. (There is nothing left to do.)

2.20. Executing TECHMAP pass (map to technology primitives).

2.20.1. Executing Verilog-2005 frontend: /home/bomma/oss-cad-suite/lib/../share/yosys/techmap.v
Parsing Verilog input from `/home/bomma/oss-cad-suite/lib/../share/yosys/techmap.v' to AST representation.
Generating RTLIL representation for module `\_90_simplemap_bool_ops'.
Generating RTLIL representation for module `\_90_simplemap_reduce_ops'.
Generating RTLIL representation for module `\_90_simplemap_logic_ops'.
Generating RTLIL representation for module `\_90_simplemap_compare_ops'.
Generating RTLIL representation for module `\_90_simplemap_various'.
Generating RTLIL representation for module `\_90_simplemap_registers'.
Generating RTLIL representation for module `\_90_shift_ops_shr_shl_sshl_sshr'.
Generating RTLIL representation for module `\_90_shift_shiftx'.
Generating RTLIL representation for module `\_90_fa'.
Generating RTLIL representation for module `\_90_lcu_brent_kung'.
Generating RTLIL representation for module `\_90_alu'.
Generating RTLIL representation for module `\_90_macc'.
Generating RTLIL representation for module `\_90_alumacc'.
Generating RTLIL representation for module `$__div_mod_u'.
Generating RTLIL representation for module `$__div_mod_trunc'.
Generating RTLIL representation for module `\_90_div'.
Generating RTLIL representation for module `\_90_mod'.
Generating RTLIL representation for module `$__div_mod_floor'.
Generating RTLIL representation for module `\_90_divfloor'.
Generating RTLIL representation for module `\_90_modfloor'.
Generating RTLIL representation for module `\_90_pow'.
Generating RTLIL representation for module `\_90_demux'.
Generating RTLIL representation for module `\_90_lut'.
Generating RTLIL representation for module `$connect'.
Generating RTLIL representation for module `$input_port'.
Successfully finished Verilog frontend.

2.20.2. Continuing TECHMAP pass.
Using extmapper simplemap for cells of type $dffe.
Using extmapper simplemap for cells of type $not.
Using extmapper simplemap for cells of type $and.
Using template $paramod$175e67c02b86e96b1288b9dc100122520d7240d8\_90_alu for cells of type $alu.
Using template $paramod$78e969f2586efcf3a5b0b0440bcca0db83d5cca2\_90_alu for cells of type $alu.
Using template $paramod$2af30114e9bd4ccb04dad757b3f0a8f6bf0615b0\_90_alu for cells of type $alu.
Using template $paramod$3a9ae0e3a63aeb2c97162679a4b84744419ab719\_90_alu for cells of type $alu.
Using extmapper simplemap for cells of type $reduce_or.
Using extmapper simplemap for cells of type $or.
Using extmapper simplemap for cells of type $reduce_and.
Using template $paramod$31052fbbb32da37efa794482d793b44d51a048f2\_90_alu for cells of type $alu.
Using extmapper simplemap for cells of type $sdffe.
Using extmapper simplemap for cells of type $reduce_bool.
Using extmapper simplemap for cells of type $sdff.
Using extmapper simplemap for cells of type $eq.
Using extmapper simplemap for cells of type $logic_and.
Using extmapper simplemap for cells of type $logic_not.
Using extmapper simplemap for cells of type $pmux.
Using extmapper simplemap for cells of type $mux.
Using extmapper simplemap for cells of type $pos.
Using template $paramod\_90_fa\WIDTH=32'00000000000000000000000000000011 for cells of type $fa.
Using template $paramod\_90_lcu_brent_kung\WIDTH=32'00000000000000000000000000000011 for cells of type $lcu.
Using extmapper simplemap for cells of type $xor.
Using template $paramod\_90_fa\WIDTH=32'00000000000000000000000000000010 for cells of type $fa.
Using template $paramod\_90_lcu_brent_kung\WIDTH=32'00000000000000000000000000000010 for cells of type $lcu.
Using template $paramod\_90_fa\WIDTH=32'00000000000000000000000000010000 for cells of type $fa.
Using template $paramod\_90_lcu_brent_kung\WIDTH=32'00000000000000000000000000010000 for cells of type $lcu.
Using template $paramod\_90_fa\WIDTH=32'00000000000000000000000000111010 for cells of type $fa.
Using template $paramod\_90_lcu_brent_kung\WIDTH=32'00000000000000000000000000111010 for cells of type $lcu.
Using template $paramod\_90_fa\WIDTH=32'00000000000000000000000000100100 for cells of type $fa.
Using template $paramod\_90_lcu_brent_kung\WIDTH=32'00000000000000000000000000100100 for cells of type $lcu.
No more expansions possible.
<suppressed ~1440 debug messages>

2.21. Executing OPT pass (performing simple optimizations).

2.21.1. Executing OPT_EXPR pass (perform const folding).
Optimizing module cmd_queue_regs.
<suppressed ~1047 debug messages>

2.21.2. Executing OPT_MERGE pass (detect identical cells).
Finding identical cells in module `\cmd_queue_regs'.
Computing hashes of 2431 cells of `\cmd_queue_regs'.
Finding duplicate cells in `\cmd_queue_regs'.
Computing hashes of 2323 cells of `\cmd_queue_regs'.
Finding duplicate cells in `\cmd_queue_regs'.
Computing hashes of 2261 cells of `\cmd_queue_regs'.
Finding duplicate cells in `\cmd_queue_regs'.
Computing hashes of 2241 cells of `\cmd_queue_regs'.
Finding duplicate cells in `\cmd_queue_regs'.
<suppressed ~570 debug messages>
Removed a total of 190 cells.

2.21.3. Executing OPT_DFF pass (perform DFF optimizations).

2.21.4. Executing OPT_CLEAN pass (remove unused cells and wires).
Finding unused cells or wires in module \cmd_queue_regs..
Removed 272 unused cells and 698 unused wires.
<suppressed ~273 debug messages>

2.21.5. Finished fast OPT passes.

2.22. Executing ABC pass (technology mapping using ABC).

2.22.1. Extracting gate netlist of module `\cmd_queue_regs' to `<abc-temp-dir>/input.blif'..

2.22.1.1. Executed ABC.
Extracted 1175 gates and 1915 wires to a netlist network with 739 inputs and 197 outputs.
Running ABC script: <abc-temp-dir>/abc.script
ABC: UC Berkeley, ABC 1.01 (compiled Sep 12 2026 05:01:00)
ABC: abc 01> empty
ABC: abc 01> source <abc-temp-dir>/abc.script
ABC: + read_blif <abc-temp-dir>/input.blif 
ABC: + read_library <abc-temp-dir>/stdcells.genlib 
ABC: + strash 
ABC: + &get -n 
ABC: + &fraig -x 
ABC: + &put 
ABC: + scorr 
ABC: Warning: The network is combinational (run "fraig" or "fraig_sweep").
ABC: + dc2 
ABC: + dretime 
ABC: + strash 
ABC: + &get -n 
ABC: + &dch -f 
ABC: + &nf 
ABC: + &put 
ABC: + write_blif <abc-temp-dir>/output.blif 
ABC: 
ABC: YOSYS_ABC_DONE 

2.22.1.2. Re-integrating ABC results.
ABC RESULTS:               AND cells:      203
ABC RESULTS:            ANDNOT cells:        9
ABC RESULTS:               MUX cells:      385
ABC RESULTS:              NAND cells:      187
ABC RESULTS:               NOR cells:       35
ABC RESULTS:               NOT cells:        4
ABC RESULTS:                OR cells:        2
ABC RESULTS:             ORNOT cells:        5
ABC RESULTS:              XNOR cells:        2
ABC RESULTS:               XOR cells:       17
ABC RESULTS:        internal signals:      979
ABC RESULTS:           input signals:      739
ABC RESULTS:          output signals:      197
Removing temp directory.
Removing global temp directory.

2.23. Executing OPT pass (performing simple optimizations).

2.23.1. Executing OPT_EXPR pass (perform const folding).
Optimizing module cmd_queue_regs.

2.23.2. Executing OPT_MERGE pass (detect identical cells).
Finding identical cells in module `\cmd_queue_regs'.
Computing hashes of 1643 cells of `\cmd_queue_regs'.
Finding duplicate cells in `\cmd_queue_regs'.
Removed a total of 0 cells.

2.23.3. Executing OPT_DFF pass (perform DFF optimizations).

2.23.4. Executing OPT_CLEAN pass (remove unused cells and wires).
Finding unused cells or wires in module \cmd_queue_regs..
Removed 0 unused cells and 1429 unused wires.
<suppressed ~9 debug messages>

2.23.5. Finished fast OPT passes.

2.24. Executing HIERARCHY pass (managing design hierarchy).
Attribute `top' found on module `cmd_queue_regs'. Setting top module to cmd_queue_regs.

2.24.1. Analyzing design hierarchy..
Top module:  \cmd_queue_regs

2.24.2. Analyzing design hierarchy..
Top module:  \cmd_queue_regs
Removed 0 unused modules.

2.25. Printing statistics.

=== cmd_queue_regs ===

        +----------Local Count, excluding submodules.
        | 
      707 wires
     1903 wire bits
       36 public wires
     1069 public wire bits
       15 ports
      330 port bits
     1643 cells
        9   $_ANDNOT_
      203   $_AND_
      512   $_DFFE_PP_
      385   $_MUX_
      187   $_NAND_
       35   $_NOR_
        4   $_NOT_
        5   $_ORNOT_
        2   $_OR_
      281   $_SDFFE_PP0P_
        1   $_SDFF_PP0_
        2   $_XNOR_
       17   $_XOR_

2.26. Executing CHECK pass (checking for obvious problems).
Checking module cmd_queue_regs...
Found and reported 0 problems.

3. Executing DFFLIBMAP pass (mapping DFF/DLATCH cells to sequential cells from liberty file).
  cell sg13g2_dfrbpq_1 (noninv, pins=4, area=48.99) is a direct match for cell type $_DFF_PN0_.
  cell sg13g2_dlhq_1 (noninv, pins=3, area=30.84) is a direct match for cell type $_DLATCH_P_.
  cell sg13g2_dllrq_1 (noninv, pins=4, area=29.03) is a direct match for cell type $_DLATCH_NN0_.
  cell sg13g2_dlhrq_1 (noninv, pins=4, area=27.22) is a direct match for cell type $_DLATCH_PN0_.
  final dff/dlatch cell mappings:
    unmapped dff/dlatch cell: $_DFF_N_
    unmapped dff/dlatch cell: $_DFF_P_
    unmapped dff/dlatch cell: $_DFF_NN0_
    unmapped dff/dlatch cell: $_DFF_NN1_
    unmapped dff/dlatch cell: $_DFF_NP0_
    unmapped dff/dlatch cell: $_DFF_NP1_
    \sg13g2_dfrbpq_1 _DFF_PN0_ (.CLK( C), .D( D), .Q( Q), .RESET_B( R));
    unmapped dff/dlatch cell: $_DFF_PN1_
    unmapped dff/dlatch cell: $_DFF_PP0_
    unmapped dff/dlatch cell: $_DFF_PP1_
    unmapped dff/dlatch cell: $_DFFE_NN_
    unmapped dff/dlatch cell: $_DFFE_NP_
    unmapped dff/dlatch cell: $_DFFE_PN_
    unmapped dff/dlatch cell: $_DFFE_PP_
    unmapped dff/dlatch cell: $_DFFSR_NNN_
    unmapped dff/dlatch cell: $_DFFSR_NNP_
    unmapped dff/dlatch cell: $_DFFSR_NPN_
    unmapped dff/dlatch cell: $_DFFSR_NPP_
    unmapped dff/dlatch cell: $_DFFSR_PNN_
    unmapped dff/dlatch cell: $_DFFSR_PNP_
    unmapped dff/dlatch cell: $_DFFSR_PPN_
    unmapped dff/dlatch cell: $_DFFSR_PPP_
    unmapped dff/dlatch cell: $_DLATCH_N_
    \sg13g2_dlhq_1 _DLATCH_P_ (.D( D), .GATE( E), .Q( Q));
    \sg13g2_dllrq_1 _DLATCH_NN0_ (.D( D), .GATE_N( E), .Q( Q), .RESET_B( R));
    unmapped dff/dlatch cell: $_DLATCH_NN1_
    unmapped dff/dlatch cell: $_DLATCH_NP0_
    unmapped dff/dlatch cell: $_DLATCH_NP1_
    \sg13g2_dlhrq_1 _DLATCH_PN0_ (.D( D), .GATE( E), .Q( Q), .RESET_B( R));
    unmapped dff/dlatch cell: $_DLATCH_PN1_
    unmapped dff/dlatch cell: $_DLATCH_PP0_
    unmapped dff/dlatch cell: $_DLATCH_PP1_
    unmapped dff/dlatch cell: $_DLATCHSR_NNN_
    unmapped dff/dlatch cell: $_DLATCHSR_NNP_
    unmapped dff/dlatch cell: $_DLATCHSR_NPN_
    unmapped dff/dlatch cell: $_DLATCHSR_NPP_
    unmapped dff/dlatch cell: $_DLATCHSR_PNN_
    unmapped dff/dlatch cell: $_DLATCHSR_PNP_
    unmapped dff/dlatch cell: $_DLATCHSR_PPN_
    unmapped dff/dlatch cell: $_DLATCHSR_PPP_

3.1. Executing DFFLEGALIZE pass (convert FFs and LATCHes to types supported by the target).
<suppressed ~4 debug messages>
Mapping DFF/DLATCH cells in module `\cmd_queue_regs':
  mapped 794 $_DFF_PN0_ cells to \sg13g2_dfrbpq_1 cells.

4. Executing ABC pass (technology mapping using ABC).

4.1. Extracting gate netlist of module `\cmd_queue_regs' to `<abc-temp-dir>/input.blif'..
ABC: using cached merged SCL: /tmp/yosys-liberty-scl-cache-1000/yosys_merged_0a0e92c0.scl (1 files)

4.1.1. Executed ABC.
Extracted 1924 gates and 2821 wires to a netlist network with 896 inputs and 827 outputs.
Running ABC script: <abc-temp-dir>/abc.script
ABC: UC Berkeley, ABC 1.01 (compiled Sep 12 2026 05:01:00)
ABC: abc 01> empty
ABC: abc 01> source <abc-temp-dir>/abc.script
ABC: + read_blif <abc-temp-dir>/input.blif 
ABC: + read_scl /tmp/yosys-liberty-scl-cache-1000/yosys_merged_0a0e92c0.scl 
ABC: + strash 
ABC: + &get -n 
ABC: + &fraig -x 
ABC: + &put 
ABC: + scorr 
ABC: Warning: The network is combinational (run "fraig" or "fraig_sweep").
ABC: + dc2 
ABC: + dretime 
ABC: + retime -o -D 3000 
ABC: + strash 
ABC: + &get -n 
ABC: + &dch -f 
ABC: + &nf -D 3000 
ABC: + &put 
ABC: + write_blif <abc-temp-dir>/output.blif 
ABC: 
ABC: YOSYS_ABC_DONE 

4.1.2. Re-integrating ABC results.
ABC RESULTS:     sg13g2_a21o_1 cells:        3
ABC RESULTS:    sg13g2_a21oi_1 cells:      178
ABC RESULTS:   sg13g2_a221oi_1 cells:       18
ABC RESULTS:    sg13g2_a22oi_1 cells:       45
ABC RESULTS:     sg13g2_and2_1 cells:       17
ABC RESULTS:     sg13g2_and3_1 cells:        5
ABC RESULTS:     sg13g2_and4_1 cells:        6
ABC RESULTS:      sg13g2_inv_1 cells:      138
ABC RESULTS:     sg13g2_mux2_1 cells:      513
ABC RESULTS:     sg13g2_mux4_1 cells:      128
ABC RESULTS:    sg13g2_nand2_1 cells:        9
ABC RESULTS:   sg13g2_nand2b_1 cells:        2
ABC RESULTS:    sg13g2_nand3_1 cells:        9
ABC RESULTS:   sg13g2_nand3b_1 cells:        2
ABC RESULTS:    sg13g2_nand4_1 cells:        8
ABC RESULTS:     sg13g2_nor2_1 cells:      281
ABC RESULTS:    sg13g2_nor2b_1 cells:        8
ABC RESULTS:     sg13g2_nor3_1 cells:        8
ABC RESULTS:     sg13g2_nor4_1 cells:       25
ABC RESULTS:    sg13g2_o21ai_1 cells:      275
ABC RESULTS:      sg13g2_or2_1 cells:        6
ABC RESULTS:      sg13g2_or3_1 cells:        2
ABC RESULTS:      sg13g2_or4_1 cells:        3
ABC RESULTS:    sg13g2_xnor2_1 cells:        1
ABC RESULTS:     sg13g2_xor2_1 cells:        2
ABC RESULTS:        internal signals:     1098
ABC RESULTS:           input signals:      896
ABC RESULTS:          output signals:      827
Removing temp directory.
Removing global temp directory.
Removed 0 unused cells and 2677 unused wires.

5. Printing statistics.

=== cmd_queue_regs ===

        +----------Local Count, excluding submodules.
        |        +-Local Area, excluding submodules.
        |        | 
     1693        - wires
     2726        - wire bits
       34        - public wires
     1067        - public wire bits
       15        - ports
      330        - port bits
     2486 6.19E+04 cells
        3   38.102   sg13g2_a21o_1
      178 1.61E+03   sg13g2_a21oi_1
       18  261.274   sg13g2_a221oi_1
       45  488.187   sg13g2_a22oi_1
       17  154.224   sg13g2_and2_1
        5   63.504   sg13g2_and3_1
        6   87.091   sg13g2_and4_1
      794 3.89E+04   sg13g2_dfrbpq_1
      138  751.162   sg13g2_inv_1
      513 9.31E+03   sg13g2_mux2_1
      128 4.88E+03   sg13g2_mux4_1
        9   65.318   sg13g2_nand2_1
        2   18.144   sg13g2_nand2b_1
        9   81.648   sg13g2_nand3_1
        2   25.402   sg13g2_nand3b_1
        8   87.091   sg13g2_nand4_1
      281 2.04E+03   sg13g2_nor2_1
        8   72.576   sg13g2_nor2b_1
        8   72.576   sg13g2_nor3_1
       25   272.16   sg13g2_nor4_1
      275   2494.8   sg13g2_o21ai_1
        6   54.432   sg13g2_or2_1
        2   25.402   sg13g2_or3_1
        3   43.546   sg13g2_or4_1
        1   14.515   sg13g2_xnor2_1
        2    29.03   sg13g2_xor2_1

   Chip area for module '\cmd_queue_regs': 61936.471800
     of which used for sequential elements: 38897.107200 (62.80%)

6. Executing Verilog backend.

6.1. Executing BMUXMAP pass.

6.2. Executing DEMUXMAP pass.
Dumping module `\cmd_queue_regs'.

End of script. Logfile hash: d4039585fb, time: 0.69s, user: 0.16s, system: 0.04s, MEM: 43.12 MB peak
Yosys 0.69+24 (git sha1 d0e71cfb7-dirty, Release, Clang /usr/bin/clang++ 21.1.8)
Time spent: 71% 2x abc (0 sec), 5% 1x techmap (0 sec), ...
