OpenSTA 3.1.0 d97587f669 Copyright (c) 2026, Parallax Software, Inc.
License GPLv3: GNU GPL version 3 <http://gnu.org/licenses/gpl.html>

This is free software, and you are free to change and redistribute it
under certain conditions; type `show_copying' for details. 
This program comes with ABSOLUTELY NO WARRANTY; for details type `show_warranty'.
Startpoint: dmem_addr[18] (input port clocked by clk)
Endpoint: _3351_ (rising edge-triggered flip-flop clocked by clk)
Path Group: clk
Path Type: max

    Delay      Time   Description
-------------------------------------------------------------
   0.0000    0.0000   clock clk (rise edge)
   0.0000    0.0000   clock network delay (ideal)
   1.6400    1.6400 v input external delay
   0.0000    1.6400 v dmem_addr[18] (in)
   0.1391    1.7791 ^ _1823_/Y (sg13g2_nor4_1)
   0.1030    1.8820 v _1824_/Y (sg13g2_nand3_1)
   0.1398    2.0219 ^ _1825_/Y (sg13g2_o21ai_1)
   0.2722    2.2940 v _2005_/Y (sg13g2_nand4_1)
   0.1857    2.4798 v _2566_/Y (sg13g2_nand2b_1)
   9.1005   11.5803 ^ _2695_/Y (sg13g2_nor4_1)
   1.0902   12.6705 v _2730_/X (sg13g2_mux2_1)
   0.0000   12.6705 v _3351_/D (sg13g2_dfrbpq_1)
            12.6705   data arrival time

   8.2000    8.2000   clock clk (rise edge)
   0.0000    8.2000   clock network delay (ideal)
   0.0000    8.2000   clock reconvergence pessimism
             8.2000 ^ _3351_/CLK (sg13g2_dfrbpq_1)
  -0.1821    8.0179   library setup time
             8.0179   data required time
-------------------------------------------------------------
             8.0179   data required time
           -12.6705   data arrival time
-------------------------------------------------------------
            -4.6526   slack (VIOLATED)


---SUMMARY---
wns max -4.65
tns max -1191.07
worst slack max -4.65
