OpenSTA 3.1.0 d97587f669 Copyright (c) 2026, Parallax Software, Inc.
License GPLv3: GNU GPL version 3 <http://gnu.org/licenses/gpl.html>

This is free software, and you are free to change and redistribute it
under certain conditions; type `show_copying' for details. 
This program comes with ABSOLUTELY NO WARRANTY; for details type `show_warranty'.
Startpoint: dmem_addr[18] (input port clocked by clk)
Endpoint: _3351_ (rising edge-triggered flip-flop clocked by clk)
Path Group: clk
Path Type: max

    Delay      Time   Description
-------------------------------------------------------------
   0.0000    0.0000   clock clk (rise edge)
   0.0000    0.0000   clock network delay (ideal)
   1.8400    1.8400 v input external delay
   0.0000    1.8400 v dmem_addr[18] (in)
   0.1391    1.9791 ^ _1823_/Y (sg13g2_nor4_1)
   0.1030    2.0820 v _1824_/Y (sg13g2_nand3_1)
   0.1398    2.2219 ^ _1825_/Y (sg13g2_o21ai_1)
   0.2722    2.4940 v _2005_/Y (sg13g2_nand4_1)
   0.1857    2.6798 v _2566_/Y (sg13g2_nand2b_1)
   9.1005   11.7803 ^ _2695_/Y (sg13g2_nor4_1)
   1.0902   12.8705 v _2730_/X (sg13g2_mux2_1)
   0.0000   12.8705 v _3351_/D (sg13g2_dfrbpq_1)
            12.8705   data arrival time

   9.2000    9.2000   clock clk (rise edge)
   0.0000    9.2000   clock network delay (ideal)
   0.0000    9.2000   clock reconvergence pessimism
             9.2000 ^ _3351_/CLK (sg13g2_dfrbpq_1)
  -0.1821    9.0179   library setup time
             9.0179   data required time
-------------------------------------------------------------
             9.0179   data required time
           -12.8705   data arrival time
-------------------------------------------------------------
            -3.8526   slack (VIOLATED)


---SUMMARY---
wns max -3.85
tns max -986.27
worst slack max -3.85
