./obj_dir_N4/Vtop ../../sim/vectors/N4_M8_S1
rand_0000.txt            PASS (M=8)
rand_0001.txt            PASS (M=8)
rand_0002.txt            PASS (M=8)
rand_0003.txt            PASS (M=8)
rand_0004.txt            PASS (M=8)
rand_0005.txt            PASS (M=8)
rand_0006.txt            PASS (M=8)
rand_0007.txt            PASS (M=8)
rand_0008.txt            PASS (M=8)
rand_0009.txt            PASS (M=8)
rand_0010.txt            PASS (M=8)
rand_0011.txt            PASS (M=8)
rand_0012.txt            PASS (M=8)
rand_0013.txt            PASS (M=8)
rand_0014.txt            PASS (M=8)
rand_0015.txt            PASS (M=8)
rand_0016.txt            PASS (M=8)
rand_0017.txt            PASS (M=8)
rand_0018.txt            PASS (M=8)
rand_0019.txt            PASS (M=8)
edge_all_neg128.txt      PASS (M=8)
edge_all_127.txt         PASS (M=8)
edge_zero.txt            PASS (M=8)
edge_identity.txt        PASS (M=8)
edge_single_hot.txt      PASS (M=8)
ALL PASS
