
5. Printing statistics.

=== pe ===

        +----------Local Count, excluding submodules.
        |        +-Local Area, excluding submodules.
        |        | 
      868        - wires
      958        - wire bits
        9        - public wires
       99        - public wire bits
        8        - ports
       91        - port bits
      907 1.11E+04 cells
       21  266.717   sg13g2_a21o_1
       80   725.76   sg13g2_a21oi_1
        2    29.03   sg13g2_a221oi_1
       17  184.426   sg13g2_a22oi_1
       20   181.44   sg13g2_and2_1
        9  114.307   sg13g2_and3_1
        8  116.122   sg13g2_and4_1
       48 2.35E+03   sg13g2_dfrbpq_1
       48  261.274   sg13g2_inv_1
        1   18.144   sg13g2_mux2_1
       87  631.411   sg13g2_nand2_1
       53  480.816   sg13g2_nand2b_1
       20   181.44   sg13g2_nand3_1
        4   50.803   sg13g2_nand3b_1
        6   65.318   sg13g2_nand4_1
       96   696.73   sg13g2_nor2_1
       41  371.952   sg13g2_nor2b_1
       18  163.296   sg13g2_nor3_1
        1   10.886   sg13g2_nor4_1
       78  707.616   sg13g2_o21ai_1
       17  154.224   sg13g2_or2_1
        7   88.906   sg13g2_or3_1
      144 2.09E+03   sg13g2_xnor2_1
       81 1.18E+03   sg13g2_xor2_1

   Chip area for module '\pe': 11118.000600
     of which used for sequential elements: 2351.462400 (21.15%)

