
5. Printing statistics.

=== scratchpad_dbuf ===

        +----------Local Count, excluding submodules.
        |        +-Local Area, excluding submodules.
        |        | 
    31556        - wires
    47504        - wire bits
      526        - public wires
    16474        - public wire bits
       13        - ports
       89        - port bits
    47449 1.33E+06 cells
      224 2.84E+03   sg13g2_a21o_1
     2855 2.59E+04   sg13g2_a21oi_1
      643 9.33E+03   sg13g2_a221oi_1
      124 1.35E+03   sg13g2_a22oi_1
      232  2.1E+03   sg13g2_and2_1
        5   63.504   sg13g2_and3_1
    16418 8.04E+05   sg13g2_dfrbpq_1
      406 2.21E+03   sg13g2_inv_1
    16896 3.07E+05   sg13g2_mux2_1
     3301 1.26E+05   sg13g2_mux4_1
     1471 1.07E+04   sg13g2_nand2_1
      207 1.88E+03   sg13g2_nand2b_1
      455  4127.76   sg13g2_nand3_1
       15  190.512   sg13g2_nand3b_1
     1022 7.42E+03   sg13g2_nor2_1
      123 1.12E+03   sg13g2_nor2b_1
      546 4.95E+03   sg13g2_nor3_1
     2323 2.11E+04   sg13g2_o21ai_1
      148 1.34E+03   sg13g2_or2_1
       34  431.827   sg13g2_or3_1
        1   14.515   sg13g2_xnor2_1

   Chip area for module '\scratchpad_dbuf': 1333659.146400
     of which used for sequential elements: 804298.118400 (60.31%)

