OpenSTA 3.1.0 d97587f669 Copyright (c) 2026, Parallax Software, Inc.
License GPLv3: GNU GPL version 3 <http://gnu.org/licenses/gpl.html>

This is free software, and you are free to change and redistribute it
under certain conditions; type `show_copying' for details. 
This program comes with ABSOLUTELY NO WARRANTY; for details type `show_warranty'.
Startpoint: rst (input port clocked by clk)
Endpoint: _93561_ (rising edge-triggered flip-flop clocked by clk)
Path Group: clk
Path Type: max

    Delay      Time   Description
-------------------------------------------------------------
   0.0000    0.0000   clock clk (rise edge)
   0.0000    0.0000   clock network delay (ideal)
   4.0800    4.0800 v input external delay
   0.0000    4.0800 v rst (in)
  12.7259   16.8059 ^ _47267_/Y (sg13g2_inv_1)
   4.1512   20.9571 v _57604_/Y (sg13g2_nand2_1)
   0.3734   21.3305 ^ _92544_/Y (sg13g2_nor4_1)
   0.0000   21.3305 ^ _93561_/D (sg13g2_dfrbpq_1)
            21.3305   data arrival time

  20.4000   20.4000   clock clk (rise edge)
   0.0000   20.4000   clock network delay (ideal)
   0.0000   20.4000   clock reconvergence pessimism
            20.4000 ^ _93561_/CLK (sg13g2_dfrbpq_1)
  -0.2520   20.1480   library setup time
            20.1480   data required time
-------------------------------------------------------------
            20.1480   data required time
           -21.3305   data arrival time
-------------------------------------------------------------
            -1.1825   slack (VIOLATED)


---SUMMARY---
wns max -1.18
tns max -106.03
worst slack max -1.18
