OpenSTA 3.1.0 d97587f669 Copyright (c) 2026, Parallax Software, Inc.
License GPLv3: GNU GPL version 3 <http://gnu.org/licenses/gpl.html>

This is free software, and you are free to change and redistribute it
under certain conditions; type `show_copying' for details. 
This program comes with ABSOLUTELY NO WARRANTY; for details type `show_warranty'.
Startpoint: rst (input port clocked by clk)
Endpoint: _93561_ (rising edge-triggered flip-flop clocked by clk)
Path Group: clk
Path Type: max

    Delay      Time   Description
-------------------------------------------------------------
   0.0000    0.0000   clock clk (rise edge)
   0.0000    0.0000   clock network delay (ideal)
   4.4000    4.4000 v input external delay
   0.0000    4.4000 v rst (in)
  12.7259   17.1259 ^ _47267_/Y (sg13g2_inv_1)
   4.1512   21.2771 v _57604_/Y (sg13g2_nand2_1)
   0.3734   21.6505 ^ _92544_/Y (sg13g2_nor4_1)
   0.0000   21.6505 ^ _93561_/D (sg13g2_dfrbpq_1)
            21.6505   data arrival time

  22.0000   22.0000   clock clk (rise edge)
   0.0000   22.0000   clock network delay (ideal)
   0.0000   22.0000   clock reconvergence pessimism
            22.0000 ^ _93561_/CLK (sg13g2_dfrbpq_1)
  -0.2520   21.7480   library setup time
            21.7480   data required time
-------------------------------------------------------------
            21.7480   data required time
           -21.6505   data arrival time
-------------------------------------------------------------
             0.0975   slack (MET)


---SUMMARY---
wns max 0.00
tns max 0.00
worst slack max 0.10
