OpenSTA 3.1.0 d97587f669 Copyright (c) 2026, Parallax Software, Inc.
License GPLv3: GNU GPL version 3 <http://gnu.org/licenses/gpl.html>

This is free software, and you are free to change and redistribute it
under certain conditions; type `show_copying' for details. 
This program comes with ABSOLUTELY NO WARRANTY; for details type `show_warranty'.
Startpoint: rst (input port clocked by clk)
Endpoint: _93561_ (rising edge-triggered flip-flop clocked by clk)
Path Group: clk
Path Type: max

    Delay      Time   Description
-------------------------------------------------------------
   0.0000    0.0000   clock clk (rise edge)
   0.0000    0.0000   clock network delay (ideal)
   0.6000    0.6000 v input external delay
   0.0000    0.6000 v rst (in)
  12.7259   13.3259 ^ _47267_/Y (sg13g2_inv_1)
   4.1512   17.4771 v _57604_/Y (sg13g2_nand2_1)
   0.3734   17.8505 ^ _92544_/Y (sg13g2_nor4_1)
   0.0000   17.8505 ^ _93561_/D (sg13g2_dfrbpq_1)
            17.8505   data arrival time

   3.0000    3.0000   clock clk (rise edge)
   0.0000    3.0000   clock network delay (ideal)
   0.0000    3.0000   clock reconvergence pessimism
             3.0000 ^ _93561_/CLK (sg13g2_dfrbpq_1)
  -0.2520    2.7480   library setup time
             2.7480   data required time
-------------------------------------------------------------
             2.7480   data required time
           -17.8505   data arrival time
-------------------------------------------------------------
           -15.1025   slack (VIOLATED)


---SUMMARY---
wns max -15.10
tns max -17536.59
worst slack max -15.10
