OpenSTA 3.1.0 d97587f669 Copyright (c) 2026, Parallax Software, Inc.
License GPLv3: GNU GPL version 3 <http://gnu.org/licenses/gpl.html>

This is free software, and you are free to change and redistribute it
under certain conditions; type `show_copying' for details. 
This program comes with ABSOLUTELY NO WARRANTY; for details type `show_warranty'.
Startpoint: rst (input port clocked by clk)
Endpoint: _93561_ (rising edge-triggered flip-flop clocked by clk)
Path Group: clk
Path Type: max

    Delay      Time   Description
-------------------------------------------------------------
   0.0000    0.0000   clock clk (rise edge)
   0.0000    0.0000   clock network delay (ideal)
   4.1600    4.1600 v input external delay
   0.0000    4.1600 v rst (in)
  12.7259   16.8859 ^ _47267_/Y (sg13g2_inv_1)
   4.1512   21.0371 v _57604_/Y (sg13g2_nand2_1)
   0.3734   21.4105 ^ _92544_/Y (sg13g2_nor4_1)
   0.0000   21.4105 ^ _93561_/D (sg13g2_dfrbpq_1)
            21.4105   data arrival time

  20.8000   20.8000   clock clk (rise edge)
   0.0000   20.8000   clock network delay (ideal)
   0.0000   20.8000   clock reconvergence pessimism
            20.8000 ^ _93561_/CLK (sg13g2_dfrbpq_1)
  -0.2520   20.5480   library setup time
            20.5480   data required time
-------------------------------------------------------------
            20.5480   data required time
           -21.4105   data arrival time
-------------------------------------------------------------
            -0.8625   slack (VIOLATED)


---SUMMARY---
wns max -0.86
tns max -70.19
worst slack max -0.86
