OpenSTA 3.1.0 d97587f669 Copyright (c) 2026, Parallax Software, Inc.
License GPLv3: GNU GPL version 3 <http://gnu.org/licenses/gpl.html>

This is free software, and you are free to change and redistribute it
under certain conditions; type `show_copying' for details. 
This program comes with ABSOLUTELY NO WARRANTY; for details type `show_warranty'.
Startpoint: _19397_ (rising edge-triggered flip-flop clocked by clk)
Endpoint: _19388_ (rising edge-triggered flip-flop clocked by clk)
Path Group: clk
Path Type: max

    Delay      Time   Description
-------------------------------------------------------------
   0.0000    0.0000   clock clk (rise edge)
   0.0000    0.0000   clock network delay (ideal)
   0.0000    0.0000 ^ _19397_/CLK (sg13g2_dfrbpq_1)
   0.3345    0.3345 ^ _19397_/Q (sg13g2_dfrbpq_1)
   0.1174    0.4518 v _11246_/Y (sg13g2_o21ai_1)
   1.3310    1.7828 ^ _11247_/Y (sg13g2_a21oi_1)
   0.3578    2.1406 ^ _11678_/Y (sg13g2_xnor2_1)
   0.2083    2.3489 ^ _11680_/X (sg13g2_xor2_1)
   0.1414    2.4903 ^ _11681_/Y (sg13g2_xnor2_1)
   0.1677    2.6580 ^ _11720_/X (sg13g2_xor2_1)
   0.1331    2.7911 ^ _11723_/Y (sg13g2_xnor2_1)
   0.1609    2.9520 ^ _11757_/X (sg13g2_xor2_1)
   0.1217    3.0738 ^ _11788_/Y (sg13g2_xnor2_1)
   0.0626    3.1363 v _11789_/Y (sg13g2_a21oi_1)
   0.1094    3.2457 ^ _11869_/Y (sg13g2_nor2b_1)
   0.1215    3.3672 v _11870_/Y (sg13g2_a21oi_1)
   0.1831    3.5503 ^ _11873_/Y (sg13g2_o21ai_1)
   0.1034    3.6537 v _11878_/Y (sg13g2_a221oi_1)
   0.1509    3.8046 v _11879_/Y (sg13g2_nand3b_1)
   0.1576    3.9622 v _11882_/X (sg13g2_a21o_1)
   0.1343    4.0965 v _11885_/X (sg13g2_a21o_1)
   0.1341    4.2307 v _11888_/X (sg13g2_a21o_1)
   0.1332    4.3638 v _11891_/X (sg13g2_a21o_1)
   0.1228    4.4866 ^ _11893_/Y (sg13g2_a21oi_1)
   0.1260    4.6126 v _11899_/Y (sg13g2_o21ai_1)
   0.1513    4.7639 ^ _11902_/Y (sg13g2_o21ai_1)
   0.1187    4.8826 v _11932_/Y (sg13g2_nand3_1)
   0.1494    5.0320 ^ _11943_/Y (sg13g2_a21oi_1)
   0.1290    5.1610 v _11948_/Y (sg13g2_a21oi_1)
   0.1626    5.3236 ^ _11950_/Y (sg13g2_o21ai_1)
   0.1308    5.4544 v _11952_/Y (sg13g2_a21oi_1)
   0.1629    5.6173 ^ _11954_/Y (sg13g2_o21ai_1)
   0.1308    5.7481 v _11957_/Y (sg13g2_a21oi_1)
   0.1603    5.9084 ^ _11959_/Y (sg13g2_o21ai_1)
   0.1591    6.0675 ^ _11961_/X (sg13g2_a21o_1)
   0.1177    6.1852 ^ _19031_/X (sg13g2_a21o_1)
   0.0650    6.2502 v _19043_/Y (sg13g2_o21ai_1)
   0.1174    6.3676 ^ _19044_/Y (sg13g2_a21oi_1)
   0.0000    6.3676 ^ _19388_/D (sg13g2_dfrbpq_1)
             6.3676   data arrival time

   3.0000    3.0000   clock clk (rise edge)
   0.0000    3.0000   clock network delay (ideal)
   0.0000    3.0000   clock reconvergence pessimism
             3.0000 ^ _19388_/CLK (sg13g2_dfrbpq_1)
  -0.1390    2.8610   library setup time
             2.8610   data required time
-------------------------------------------------------------
             2.8610   data required time
            -6.3676   data arrival time
-------------------------------------------------------------
            -3.5066   slack (VIOLATED)


---SUMMARY---
wns max -3.51
tns max -468.38
worst slack max -3.51
