OpenSTA 3.1.0 d97587f669 Copyright (c) 2026, Parallax Software, Inc.
License GPLv3: GNU GPL version 3 <http://gnu.org/licenses/gpl.html>

This is free software, and you are free to change and redistribute it
under certain conditions; type `show_copying' for details. 
This program comes with ABSOLUTELY NO WARRANTY; for details type `show_warranty'.
Startpoint: act_in_flat[31] (input port clocked by clk)
Endpoint: _19477_ (rising edge-triggered flip-flop clocked by clk)
Path Group: clk
Path Type: max

    Delay      Time   Description
-------------------------------------------------------------
   0.0000    0.0000   clock clk (rise edge)
   0.0000    0.0000   clock network delay (ideal)
   1.2400    1.2400 ^ input external delay
   0.0000    1.2400 ^ act_in_flat[31] (in)
   0.0343    1.2743 v _18180_/Y (sg13g2_o21ai_1)
   1.3341    2.6084 ^ _18181_/Y (sg13g2_a21oi_1)
   0.3581    2.9665 ^ _18631_/Y (sg13g2_xnor2_1)
   0.2084    3.1749 ^ _18633_/X (sg13g2_xor2_1)
   0.1414    3.3163 ^ _18634_/Y (sg13g2_xnor2_1)
   0.1677    3.4840 ^ _18673_/X (sg13g2_xor2_1)
   0.1331    3.6171 ^ _18676_/Y (sg13g2_xnor2_1)
   0.1609    3.7781 ^ _18710_/X (sg13g2_xor2_1)
   0.1217    3.8998 ^ _18741_/Y (sg13g2_xnor2_1)
   0.0626    3.9624 v _18742_/Y (sg13g2_a21oi_1)
   0.1094    4.0718 ^ _18823_/Y (sg13g2_nor2b_1)
   0.1215    4.1933 v _18824_/Y (sg13g2_a21oi_1)
   0.1831    4.3764 ^ _18827_/Y (sg13g2_o21ai_1)
   0.1034    4.4797 v _18832_/Y (sg13g2_a221oi_1)
   0.1509    4.6306 v _18833_/Y (sg13g2_nand3b_1)
   0.1576    4.7883 v _18836_/X (sg13g2_a21o_1)
   0.1343    4.9226 v _18839_/X (sg13g2_a21o_1)
   0.1341    5.0567 v _18842_/X (sg13g2_a21o_1)
   0.1341    5.1908 v _18845_/X (sg13g2_a21o_1)
   0.1337    5.3245 v _18848_/X (sg13g2_a21o_1)
   0.1417    5.4663 v _18849_/X (sg13g2_a21o_1)
   0.1211    5.5874 v _18851_/X (sg13g2_a21o_1)
   0.1074    5.6948 ^ _18863_/Y (sg13g2_a21oi_1)
   0.1112    5.8060 v _18871_/Y (sg13g2_a21oi_1)
   0.1752    5.9812 v _18880_/X (sg13g2_or3_1)
   0.1152    6.0965 ^ _18883_/Y (sg13g2_a21oi_1)
   0.1075    6.2040 v _18885_/Y (sg13g2_o21ai_1)
   0.1358    6.3398 ^ _18889_/Y (sg13g2_a21oi_1)
   0.1224    6.4622 v _18890_/Y (sg13g2_o21ai_1)
   0.1367    6.5990 v _18894_/X (sg13g2_a21o_1)
   0.1133    6.7123 ^ _18895_/Y (sg13g2_a21oi_1)
   0.1024    6.8147 v _18911_/Y (sg13g2_o21ai_1)
   0.0977    6.9124 v _19017_/X (sg13g2_and3_1)
   0.0786    6.9910 ^ _19019_/Y (sg13g2_nor3_1)
   0.0000    6.9910 ^ _19477_/D (sg13g2_dfrbpq_1)
             6.9910   data arrival time

   6.2000    6.2000   clock clk (rise edge)
   0.0000    6.2000   clock network delay (ideal)
   0.0000    6.2000   clock reconvergence pessimism
             6.2000 ^ _19477_/CLK (sg13g2_dfrbpq_1)
  -0.1305    6.0695   library setup time
             6.0695   data required time
-------------------------------------------------------------
             6.0695   data required time
            -6.9910   data arrival time
-------------------------------------------------------------
            -0.9215   slack (VIOLATED)


---SUMMARY---
wns max -0.92
tns max -5.09
worst slack max -0.92
