OpenSTA 3.1.0 d97587f669 Copyright (c) 2026, Parallax Software, Inc.
License GPLv3: GNU GPL version 3 <http://gnu.org/licenses/gpl.html>

This is free software, and you are free to change and redistribute it
under certain conditions; type `show_copying' for details. 
This program comes with ABSOLUTELY NO WARRANTY; for details type `show_warranty'.
Startpoint: act_in_flat[31] (input port clocked by clk)
Endpoint: _19477_ (rising edge-triggered flip-flop clocked by clk)
Path Group: clk
Path Type: max

    Delay      Time   Description
-------------------------------------------------------------
   0.0000    0.0000   clock clk (rise edge)
   0.0000    0.0000   clock network delay (ideal)
   1.4800    1.4800 ^ input external delay
   0.0000    1.4800 ^ act_in_flat[31] (in)
   0.0343    1.5143 v _18180_/Y (sg13g2_o21ai_1)
   1.3341    2.8484 ^ _18181_/Y (sg13g2_a21oi_1)
   0.3581    3.2065 ^ _18631_/Y (sg13g2_xnor2_1)
   0.2084    3.4149 ^ _18633_/X (sg13g2_xor2_1)
   0.1414    3.5563 ^ _18634_/Y (sg13g2_xnor2_1)
   0.1677    3.7240 ^ _18673_/X (sg13g2_xor2_1)
   0.1331    3.8571 ^ _18676_/Y (sg13g2_xnor2_1)
   0.1609    4.0181 ^ _18710_/X (sg13g2_xor2_1)
   0.1217    4.1398 ^ _18741_/Y (sg13g2_xnor2_1)
   0.0626    4.2024 v _18742_/Y (sg13g2_a21oi_1)
   0.1094    4.3118 ^ _18823_/Y (sg13g2_nor2b_1)
   0.1215    4.4333 v _18824_/Y (sg13g2_a21oi_1)
   0.1831    4.6164 ^ _18827_/Y (sg13g2_o21ai_1)
   0.1034    4.7197 v _18832_/Y (sg13g2_a221oi_1)
   0.1509    4.8706 v _18833_/Y (sg13g2_nand3b_1)
   0.1576    5.0283 v _18836_/X (sg13g2_a21o_1)
   0.1343    5.1626 v _18839_/X (sg13g2_a21o_1)
   0.1341    5.2967 v _18842_/X (sg13g2_a21o_1)
   0.1341    5.4308 v _18845_/X (sg13g2_a21o_1)
   0.1337    5.5645 v _18848_/X (sg13g2_a21o_1)
   0.1417    5.7063 v _18849_/X (sg13g2_a21o_1)
   0.1211    5.8274 v _18851_/X (sg13g2_a21o_1)
   0.1074    5.9348 ^ _18863_/Y (sg13g2_a21oi_1)
   0.1112    6.0460 v _18871_/Y (sg13g2_a21oi_1)
   0.1752    6.2212 v _18880_/X (sg13g2_or3_1)
   0.1152    6.3365 ^ _18883_/Y (sg13g2_a21oi_1)
   0.1075    6.4440 v _18885_/Y (sg13g2_o21ai_1)
   0.1358    6.5798 ^ _18889_/Y (sg13g2_a21oi_1)
   0.1224    6.7022 v _18890_/Y (sg13g2_o21ai_1)
   0.1367    6.8390 v _18894_/X (sg13g2_a21o_1)
   0.1133    6.9523 ^ _18895_/Y (sg13g2_a21oi_1)
   0.1024    7.0547 v _18911_/Y (sg13g2_o21ai_1)
   0.0977    7.1524 v _19017_/X (sg13g2_and3_1)
   0.0786    7.2310 ^ _19019_/Y (sg13g2_nor3_1)
   0.0000    7.2310 ^ _19477_/D (sg13g2_dfrbpq_1)
             7.2310   data arrival time

   7.4000    7.4000   clock clk (rise edge)
   0.0000    7.4000   clock network delay (ideal)
   0.0000    7.4000   clock reconvergence pessimism
             7.4000 ^ _19477_/CLK (sg13g2_dfrbpq_1)
  -0.1305    7.2695   library setup time
             7.2695   data required time
-------------------------------------------------------------
             7.2695   data required time
            -7.2310   data arrival time
-------------------------------------------------------------
             0.0385   slack (MET)


---SUMMARY---
wns max 0.00
tns max 0.00
worst slack max 0.04
