OpenSTA 3.1.0 d97587f669 Copyright (c) 2026, Parallax Software, Inc.
License GPLv3: GNU GPL version 3 <http://gnu.org/licenses/gpl.html>

This is free software, and you are free to change and redistribute it
under certain conditions; type `show_copying' for details. 
This program comes with ABSOLUTELY NO WARRANTY; for details type `show_warranty'.
Startpoint: act_in_flat[31] (input port clocked by clk)
Endpoint: _19477_ (rising edge-triggered flip-flop clocked by clk)
Path Group: clk
Path Type: max

    Delay      Time   Description
-------------------------------------------------------------
   0.0000    0.0000   clock clk (rise edge)
   0.0000    0.0000   clock network delay (ideal)
   1.0400    1.0400 ^ input external delay
   0.0000    1.0400 ^ act_in_flat[31] (in)
   0.0343    1.0743 v _18180_/Y (sg13g2_o21ai_1)
   1.3341    2.4084 ^ _18181_/Y (sg13g2_a21oi_1)
   0.3581    2.7665 ^ _18631_/Y (sg13g2_xnor2_1)
   0.2084    2.9749 ^ _18633_/X (sg13g2_xor2_1)
   0.1414    3.1163 ^ _18634_/Y (sg13g2_xnor2_1)
   0.1677    3.2840 ^ _18673_/X (sg13g2_xor2_1)
   0.1331    3.4171 ^ _18676_/Y (sg13g2_xnor2_1)
   0.1609    3.5781 ^ _18710_/X (sg13g2_xor2_1)
   0.1217    3.6998 ^ _18741_/Y (sg13g2_xnor2_1)
   0.0626    3.7624 v _18742_/Y (sg13g2_a21oi_1)
   0.1094    3.8718 ^ _18823_/Y (sg13g2_nor2b_1)
   0.1215    3.9933 v _18824_/Y (sg13g2_a21oi_1)
   0.1831    4.1764 ^ _18827_/Y (sg13g2_o21ai_1)
   0.1034    4.2797 v _18832_/Y (sg13g2_a221oi_1)
   0.1509    4.4306 v _18833_/Y (sg13g2_nand3b_1)
   0.1576    4.5883 v _18836_/X (sg13g2_a21o_1)
   0.1343    4.7226 v _18839_/X (sg13g2_a21o_1)
   0.1341    4.8567 v _18842_/X (sg13g2_a21o_1)
   0.1341    4.9908 v _18845_/X (sg13g2_a21o_1)
   0.1337    5.1245 v _18848_/X (sg13g2_a21o_1)
   0.1417    5.2663 v _18849_/X (sg13g2_a21o_1)
   0.1211    5.3874 v _18851_/X (sg13g2_a21o_1)
   0.1074    5.4948 ^ _18863_/Y (sg13g2_a21oi_1)
   0.1112    5.6060 v _18871_/Y (sg13g2_a21oi_1)
   0.1752    5.7812 v _18880_/X (sg13g2_or3_1)
   0.1152    5.8965 ^ _18883_/Y (sg13g2_a21oi_1)
   0.1075    6.0040 v _18885_/Y (sg13g2_o21ai_1)
   0.1358    6.1398 ^ _18889_/Y (sg13g2_a21oi_1)
   0.1224    6.2622 v _18890_/Y (sg13g2_o21ai_1)
   0.1367    6.3990 v _18894_/X (sg13g2_a21o_1)
   0.1133    6.5123 ^ _18895_/Y (sg13g2_a21oi_1)
   0.1024    6.6147 v _18911_/Y (sg13g2_o21ai_1)
   0.0977    6.7124 v _19017_/X (sg13g2_and3_1)
   0.0786    6.7910 ^ _19019_/Y (sg13g2_nor3_1)
   0.0000    6.7910 ^ _19477_/D (sg13g2_dfrbpq_1)
             6.7910   data arrival time

   5.2000    5.2000   clock clk (rise edge)
   0.0000    5.2000   clock network delay (ideal)
   0.0000    5.2000   clock reconvergence pessimism
             5.2000 ^ _19477_/CLK (sg13g2_dfrbpq_1)
  -0.1305    5.0695   library setup time
             5.0695   data required time
-------------------------------------------------------------
             5.0695   data required time
            -6.7910   data arrival time
-------------------------------------------------------------
            -1.7215   slack (VIOLATED)


---SUMMARY---
wns max -1.72
tns max -35.96
worst slack max -1.72
